2026-04-23 21:18:46,893	WARNING services.py:2213 -- WARNING: The object store is using /tmp/ray instead of /dev/shm because /dev/shm has only 8589910016 bytes available. This will harm performance! You may be able to free up space by deleting files in /dev/shm. If you are inside a Docker container, you can increase /dev/shm size by passing '--shm-size=10.24gb' to 'docker run' (or add it to the run_options list in a Ray cluster config). Make sure to set this to more than 30% of available RAM.
2026-04-23 21:18:50,612	INFO worker.py:2003 -- Started a local Ray instance. View the dashboard at [1m[32mhttp://127.0.0.1:8265 [39m[22m
/workspace/ray/pristine-eval/python/ray/_private/worker.py:2051: FutureWarning: Tip: In future versions of Ray, Ray will no longer override accelerator visible devices env var if num_gpus=0 or num_gpus=None (default). To enable this behavior and turn off this error message, set RAY_ACCEL_ENV_VAR_OVERRIDE_ON_ZERO=0
  warnings.warn(
2026-04-23 21:18:52,079	WARNING util.py:642 -- The argument ``concurrency`` is deprecated in Ray 2.51. Please specify argument ``compute`` instead. For more information, see https://docs.ray.io/en/master/data/transforming-data.html#stateful-transforms.
2026-04-23 21:18:52,088	INFO logging.py:416 -- Registered dataset logger for dataset dataset_3_0
2026-04-23 21:18:52,105	INFO streaming_executor.py:166 -- Starting execution of Dataset dataset_3_0. Full logs are in /tmp/ray/session_2026-04-23_21-18-43_257062_197326/logs/ray-data
2026-04-23 21:18:52,105	INFO streaming_executor.py:167 -- Execution plan of Dataset dataset_3_0: InputDataBuffer[Input] -> TaskPoolMapOperator[ReadRange] -> ActorPoolMapOperator[MapBatches(to_column00)->MapBatches(IncrementBatch)] -> TaskPoolMapOperator[MapBatches(dummy_write)]
[2026-04-23 21:18:53,471 E 197326 197326] core_worker.cc:2194: Actor with class name: 'MapWorker(MapBatches(to_column00)->MapBatches(IncrementBatch))' and ID: '4b9929e7b238cd1e6f68080a01000000' has constructor arguments in the object store and max_restarts > 0. If the arguments in the object store go out of scope or are lost, the actor restart will fail. See https://github.com/ray-project/ray/issues/53727 for more details.
2026-04-23 21:18:53,473	WARNING resource_manager.py:169 -- ⚠️  Ray's object store is configured to use only 5.9% of available memory (9.3GiB out of 158.0GiB total). For optimal Ray Data performance, we recommend setting the object store to at least 50% of available memory. You can do this by setting the 'object_store_memory' parameter when calling ray.init() or by setting the RAY_DEFAULT_OBJECT_STORE_MEMORY_PROPORTION environment variable.
2026-04-23 21:18:53,474	INFO __init__.py:56 -- Progress will be logged because stdout is a non-interactive terminal.
2026-04-23 21:18:54,107	INFO logging_progress.py:174 -- ======= Running Dataset: dataset_3_0 =======
2026-04-23 21:18:54,108	INFO logging_progress.py:225 -- Total Progress: 0/?
2026-04-23 21:18:54,108	INFO logging_progress.py:227 -- Active & requested resources: 1/24 CPU, 0.0B/4.7GiB object store
2026-04-23 21:18:54,108	INFO logging_progress.py:181 -- 
2026-04-23 21:18:54,108	INFO logging_progress.py:231 -- ReadRange: 0/1
2026-04-23 21:18:54,108	INFO logging_progress.py:233 --   Tasks: 1; Actors: 0; Queued blocks: 1999 (0.0B); Resources: 1.0 CPU, 0.0B object store
2026-04-23 21:18:54,108	INFO logging_progress.py:231 -- MapBatches(to_column00)->MapBatches(IncrementBatch): 0/1
2026-04-23 21:18:54,108	INFO logging_progress.py:233 --   Tasks: 0; Actors: 1; Queued blocks: 0 (0.0B); Resources: 1.0 CPU, 0.0B object store; [all objects local]
2026-04-23 21:18:54,108	INFO logging_progress.py:231 -- MapBatches(dummy_write): 0/1
2026-04-23 21:18:54,108	INFO logging_progress.py:233 --   Tasks: 0; Actors: 0; Queued blocks: 0 (0.0B); Resources: 0.0 CPU, 0.0B object store
2026-04-23 21:18:54,108	INFO logging_progress.py:192 -- ============================================
2026-04-23 21:19:04,123	INFO logging_progress.py:174 -- ======= Running Dataset: dataset_3_0 =======
2026-04-23 21:19:04,123	INFO logging_progress.py:225 -- Total Progress: 617/2000
2026-04-23 21:19:04,123	INFO logging_progress.py:227 -- Active & requested resources: 8/24 CPU, 1015.7KiB/4.7GiB object store
2026-04-23 21:19:04,124	INFO logging_progress.py:181 -- 
2026-04-23 21:19:04,124	INFO logging_progress.py:231 -- ReadRange: 6380000/20000000
2026-04-23 21:19:04,124	INFO logging_progress.py:233 --   Tasks: 0; Actors: 0; Queued blocks: 1362 (0.0B); Resources: 0.0 CPU, 468.8KiB object store
2026-04-23 21:19:04,124	INFO logging_progress.py:231 -- MapBatches(to_column00)->MapBatches(IncrementBatch): 6320000/20000000
2026-04-23 21:19:04,124	INFO logging_progress.py:233 --   Tasks: 0; Actors: 8; Queued blocks: 6 (468.8KiB); Resources: 8.0 CPU, 546.9KiB object store; [0/632 objects local]
2026-04-23 21:19:04,124	INFO logging_progress.py:231 -- MapBatches(dummy_write): 625/2000
2026-04-23 21:19:04,124	INFO logging_progress.py:233 --   Tasks: 1; Actors: 0; Queued blocks: 6 (468.8KiB); Resources: 1.0 CPU, 72.0B object store
2026-04-23 21:19:04,124	INFO logging_progress.py:192 -- ============================================
2026-04-23 21:19:14,175	INFO logging_progress.py:174 -- ======= Running Dataset: dataset_3_0 =======
2026-04-23 21:19:14,175	INFO logging_progress.py:225 -- Total Progress: 1450/2000
2026-04-23 21:19:14,175	INFO logging_progress.py:227 -- Active & requested resources: 8/24 CPU, 1.1MiB/4.7GiB object store
2026-04-23 21:19:14,175	INFO logging_progress.py:181 -- 
2026-04-23 21:19:14,175	INFO logging_progress.py:231 -- ReadRange: 14720000/20000000
2026-04-23 21:19:14,175	INFO logging_progress.py:233 --   Tasks: 0; Actors: 0; Queued blocks: 528 (0.0B); Resources: 0.0 CPU, 546.9KiB object store
2026-04-23 21:19:14,175	INFO logging_progress.py:231 -- MapBatches(to_column00)->MapBatches(IncrementBatch): 14650000/20000000
2026-04-23 21:19:14,175	INFO logging_progress.py:233 --   Tasks: 0; Actors: 8; Queued blocks: 7 (546.9KiB); Resources: 8.0 CPU, 625.0KiB object store; [0/1465 objects local]
2026-04-23 21:19:14,175	INFO logging_progress.py:231 -- MapBatches(dummy_write): 1457/2000
2026-04-23 21:19:14,175	INFO logging_progress.py:233 --   Tasks: 1; Actors: 0; Queued blocks: 7 (546.9KiB); Resources: 1.0 CPU, 64.0B object store
2026-04-23 21:19:14,175	INFO logging_progress.py:192 -- ============================================
2026-04-23 21:19:20,683	INFO streaming_executor.py:294 -- ✔️  Dataset dataset_3_0 execution finished in 28.56 seconds
